D:\Coding stuff\Projects\SIH157\server\src\satsa\features\asset.py:69: UserWarning: 177 alert assets missing from inventory; shadow UNKNOWN created
  resolved = resolve_shadow_assets(alerts, assets)
D:\Coding stuff\Projects\SIH157\server\src\satsa\features\entity_features.py:168: UserWarning: 5 out-of-order case durations; nulled
  lat_cases = case_duration_features(cases)
D:\Coding stuff\Projects\SIH157\server\src\satsa\signals\negative_space.py:170: UserWarning: zero dispersion peer group; skipped
  stats = modified_z(float(missing), peers)
D:\Coding stuff\Projects\SIH157\server\src\satsa\signals\negative_space.py:170: UserWarning: zero dispersion peer group; skipped
  stats = modified_z(float(missing), peers)
D:\Coding stuff\Projects\SIH157\server\src\satsa\signals\negative_space.py:170: UserWarning: zero dispersion peer group; skipped
  stats = modified_z(float(missing), peers)
D:\Coding stuff\Projects\SIH157\server\src\satsa\signals\negative_space.py:170: UserWarning: zero dispersion peer group; skipped
  stats = modified_z(float(missing), peers)
D:\Coding stuff\Projects\SIH157\server\src\satsa\signals\negative_space.py:170: UserWarning: zero dispersion peer group; skipped
  stats = modified_z(float(missing), peers)
D:\Coding stuff\Projects\SIH157\server\src\satsa\signals\negative_space.py:170: UserWarning: zero dispersion peer group; skippedD:\Coding stuff\Projects\SIH157\server\src\satD:\Coding stuff\Projects\SIH157\server\src\satsa\signals\negative_space.py:170: UserWarning: zero dispersion peer group; skipped
  stats = modified_z(float(missing), peers)
D:\Coding stuff\Projects\SIH157\server\src\satsa\signals\negative_space.py:170: UserWarning: zero dispersion peer group; skipped
  stats = modified_z(float(missing), peers)
D:\Coding stuff\Projects\SIH157\server\src\satsa\signals\negative_space.py:170: UserWarning: zero dispersion peer group; skipped
  stats = modified_z(float(missing), peers)
D:\Coding stuff\Projects\SIH157\server\src\satsa\signals\negative_space.py:170: UserWarning: zero dispersion peer group; skipped
  stats = modified_z(float(missing), peers)
D:\Coding stuff\Projects\SIH157\server\src\satsa\signals\negative_space.py:170: UserWarning: zero dispersion peer group; skipped
  stats = modified_z(float(missing), peers)
D:\Coding stuff\Projects\SIH157\server\src\satsa\signals\negative_space.py:170: UserWarning: zero dispersion peer group; skipped
  stats = modified_z(float(missing), peers)
D:\Coding stuff\Projects\SIH157\server\src\satsa\signals\negative_space.py:170: UserWarning: zero dispersion peer group; skipped
  stats = modified_z(float(missing), peers)
D:\Coding stuff\Projects\SIH157\server\src\satsa\signals\negative_space.py:170: UserWarning: zero dispersion peer group; skipped
  stats = modified_z(float(missing), peers)
D:\Coding stuff\Projects\SIH157\server\src\satsa\signals\negative_space.py:170: UserWarning: zero dispersion peer group; skipped
  stats = modified_z(float(missing), peers)
D:\Coding stuff\Projects\SIH157\server\src\satsa\signals\negative_space.py:170: UserWarning: zero dispersion peer group; skipped
  stats = modified_z(float(missing), peers)
DuckDB ledger unavailable; JSONL is source of truth: IO Error: Cannot open file "D:\Coding stuff\Projects\SIH157\data\warehouse\aD:\Coding stuff\Projects\SIH157\server\src\satsa\signals\negative_space.py:170: UserWarning: zero dispersion peer group; skipped
  stats = modified_z(float(missing), peers)
C:\Users\VEDANT\AppData\Roaming\Python\Python313\site-packages\sklearn\base.py:442: InconsistentVersionWarning: Trying to unpickle estimator IsotonicRegression from version 1.9.1 when using version 1.7.2. This might lead to breaking code or invalid results. Use at your own risk. For more info please refer to:
https://scikit-learn.org/stable/model_persistence.html#security-maintainability-limitations
  warnings.warn(
C:\Users\VEDANT\AppData\Roaming\Python\Python313\site-packages\sklearn\base.py:442: InconsistentVersionWarning: Trying to unpickle estimator IsotonicRegression from version 1.9.1 when using version 1.7.2. This might lead to breaking code or invalid results. Use at your own risk. For more info please refer to:
https://scikit-learn.org/stable/model_persistence.html#security-maintainability-limitations
  warnings.warn(
C:\Users\VEDANT\AppData\Roaming\Python\Python313\site-packages\sklearn\base.py:442: InconsistentVersionWarning: Trying to unpickle estimator IsotonicRegression from version 1.9.1 when using version 1.7.2. This might lead to breaking code or invalid results. Use at your own risk. For more info please refer to:
https://scikit-learn.org/stable/model_persistence.html#security-maintainability-limitations
  warnings.warn(
C:\Users\VEDANT\AppData\Roaming\Python\Python313\site-packages\sklearn\base.py:442: InconsistentVersionWarning: Trying to unpickle estimator IsotonicRegression from version 1.9.1 when using version 1.7.2. This might lead to breaking code or invalid results. Use at your own risk. For more info please refer to:
https://scikit-learn.org/stable/model_persistence.html#security-maintainability-limitations
  warnings.warn(
C:\Users\VEDANT\AppData\Roaming\Python\Python313\site-packages\sklearn\base.py:442: InconsistentVersionWarning: Trying to unpickle estimator IsotonicRegression from version 1.9.1 when using version 1.7.2. This might lead to breaking code or invalid results. Use at your own risk. For more info please refer to:
https://scikit-learn.org/stable/model_persistence.html#security-maintainability-limitations
  warnings.warn(
C:\Users\VEDANT\AppData\Roaming\Python\Python313\site-packages\sklearn\base.py:442: InconsistentVersionWarning: Trying to unpickle estimator IsotonicRegression from version 1.9.1 when using version 1.7.2. This might lead to breaking code or invalid results. Use at your own risk. For more info please refer to:
https://scikit-learn.org/stable/model_persistence.html#security-maintainability-limitations
  warnings.warn(
C:\Users\VEDANT\AppData\Roaming\Python\Python313\site-packages\sklearn\base.py:442: InconsistentVersionWarning: Trying to unpickle estimator IsotonicRegression from version 1.9.1 when using version 1.7.2. This might lead to breaking code or invalid results. Use at your own risk. For more info please refer to:
https://scikit-learn.org/stable/model_persistence.html#security-maintainability-limitations
  warnings.warn(
C:\Users\VEDANT\AppData\Roaming\Python\Python313\site-packages\sklearn\base.py:442: InconsistentVersionWarning: Trying to unpickle estimator IsotonicRegression from version 1.9.1 when using version 1.7.2. This might lead to breaking code or invalid results. Use at your own risk. For more info please refer to:
https://scikit-learn.org/stable/model_persistence.html#security-maintainability-limitations
  warnings.warn(
C:\Users\VEDANT\AppData\Roaming\Python\Python313\site-packages\sklearn\base.py:442: InconsistentVersionWarning: Trying to unpickle estimator IsotonicRegression from version 1.9.1 when using version 1.7.2. This might lead to breaking code or invalid results. Use at your own risk. For more info please refer to:
https://scikit-learn.org/stable/model_persistence.html#security-maintainability-limitations
  warnings.warn(
C:\Users\VEDANT\AppData\Roaming\Python\Python313\site-packages\sklearn\base.py:442: InconsistentVersionWarning: Trying to unpickle estimator IsotonicRegression from version 1.9.1 when using version 1.7.2. This might lead to breaking code or invalid results. Use at your own risk. For more info please refer to:
https://scikit-learn.org/stable/model_persistence.html#security-maintainability-limitations
  warnings.warn(
C:\Users\VEDANT\AppData\Roaming\Python\Python313\site-packages\sklearn\base.py:442: InconsistentVersionWarning: Trying to unpickle estimator IsotonicRegression from version 1.9.1 when using version 1.7.2. This might lead to breaking code or invalid results. Use at your own risk. For more info please refer to:
https://scikit-learn.org/stable/model_persistence.html#security-maintainability-limitations
  warnings.warn(
C:\Users\VEDANT\AppData\Roaming\Python\Python313\site-packages\sklearn\base.py:442: InconsistentVersionWarning: Trying to unpickle estimator IsotonicRegression from version 1.9.1 when using version 1.7.2. This might lead to breaking code or invalid results. Use at your own risk. For more info please refer to:
https://scikit-learn.org/stable/model_persistence.html#security-maintainability-limitations
  warnings.warn(
C:\Users\VEDANT\AppData\Roaming\Python\Python313\site-packages\sklearn\base.py:442: InconsistentVersionWarning: Trying to unpickle estimator IsotonicRegression from version 1.9.1 when using version 1.7.2. This might lead to breaking code or invalid results. Use at your own risk. For more info please refer to:
https://scikit-learn.org/stable/model_persistence.html#security-maintainability-limitations
  warnings.warn(
C:\Users\VEDANT\AppData\Roaming\Python\Python313\site-packages\sklearn\base.py:442: InconsistentVersionWarning: Trying to unpickle estimator IsotonicRegression from version 1.9.1 when using version 1.7.2. This might lead to breaking code or invalid results. Use at your own risk. For more info please refer to:
https://scikit-learn.org/stable/model_persistence.html#security-maintainability-limitations
  warnings.warn(
C:\Users\VEDANT\AppData\Roaming\Python\Python313\site-packages\sklearn\base.py:442: InconsistentVersionWarning: Trying to unpickle estimator IsotonicRegression from version 1.9.1 when using version 1.7.2. This might lead to breaking code or invalid results. Use at your own risk. For more info please refer to:
https://scikit-learn.org/stable/model_persistence.html#security-maintainability-limitations
  warnings.warn(
C:\Users\VEDANT\AppData\Roaming\Python\Python313\site-packages\sklearn\base.py:442: InconsistentVersionWarning: Trying to unpickle estimator IsotonicRegression from version 1.9.1 when using version 1.7.2. This might lead to breaking code or invalid results. Use at your own risk. For more info please refer to:
https://scikit-learn.org/stable/model_persistence.html#security-maintainability-limitations
  warnings.warn(
DuckDB ledger unavailable; JSONL is source of truthD:\Coding stuff\Projects\SIH157\server\src\satsa\features\asset.py:69: UserWarning: 177 alert assets missing from inventory; shadow UNKNOWN created
  resolved = resolve_shadow_assets(alerts, assets)
D:\Coding stuff\Projects\SIH157\server\src\satsa\features\entity_features.py:168: UserWarning: 5 out-of-order case durations; nulled
  lat_cases = case_duration_features(cases)
D:\Coding stuff\Projects\SIH157\server\src\satsa\signals\negative_space.py:170: UserWarning: zero dispersion peer group; skipped
  stats = modified_z(float(missing), peers)
WeasyPrint unavailable, trying reportlab fallback
reportlab unavailable, using minimal PDF writer
openpyxl unavailable, using minimal XLSX writer
                        Run run-20260917175102 summary                         
+-----------------------------------------------------------------------------+
| stage      | status      | duration | reopenpyxl unavailable, using minimal XLSX writer
                        Run run-20260917175102 summary                         
+-----------------------------------------------------------------------------+
| stage      | statuWeasyPrint unavailable, trying reportlab fallback
reportlab unavailable, using minimal PDF writer
openpyxl unavailable, using minimal XLSX writer
                        Run run-20260917175102 summary                         
+-----------------------------------------------------------------------------+
| stage      | status      | duration | records_in | records_out | warnings   |
|------------+-------------+----------+------------+-------------+------------|
| ingest     | ok          | 3.7s     | 0          | 96          |            |
| canonical  | ok          | 2.9s     | 53459      | 53459       |            |
| features   | ok          | 59.5s    | 53459      | 16          |            |
| signals    | ok          | 57.5s    | 16         | 464         |            |
| ml         | ok          | 0.1s     | 3          | 3           |            |
| score      | ok          | 5.8s     | 16         | 16          |            |
| prioritise | ok          | 9.8s     | 14         | 14          |            |
| explain    | failed-opt… | 8.5s     | 0          | 0           | IO Error:  |
|            |             |          |            |             | Cannot     |
|            |             |          |            |             | open file  |
|            |             |          |            |             | "D:\Coding |
|            |             |          |            |             | stuff\Pro… |
|            |             |          |            |             | The        |
|            |             |          |            |             | process    |
|            |             |          |            |             | cannot     |
|            |             |          |            |             | access the |
|            |             |          |            |             | file       |
|            |             |          |            |             | because it |
|            |             |          |            |             | is being   |
|            |             |          |            |             | used by    |
|            |             |          |            |             | another    |
|            |             |          |            |             | process.   |
|            |             |          |            |             |            |
|            |             |          |            |             | File is    |
|            |             |          |            |             | already    |
|            |             |          |            |             | open in    |
|            |             |          |            |             | C:\Program |
|            |             |          |            |             | Files\Pyt… |
|            |             |          |            |             | (PID       |
|            |             |          |            |             | 13096)     |
| narrate    | ok          | 76.1s    | 1          | 7           |            |
| report     | ok          | 11.5s    | 16         | 6           |            |
| audit_seal | skipped     | 0.0s     | 0          | 0           |            |
+-----------------------------------------------------------------------------+
